MPLINK 5.08, LINKER
Linker Map File - Created Mon Dec  5 22:32:10 2016

                                 Section Info
                  Section       Type    Address   Location Size(Bytes)
                ---------  ---------  ---------  ---------  ---------
                   .org_0       code   0x000000    program   0x000008
                   .org_1       code   0x000004    program   0x000462
                   .cinit    romdata   0x000235    program   0x000004
.config_8007_BUILD/DEFAULT/PRODUCTION/NTSC_TE       code   0x008007    program   0x000002
.config_8008_BUILD/DEFAULT/PRODUCTION/NTSC_TE       code   0x008008    program   0x000002
                   .udata      udata   0x000020       data   0x000027
               .udata_shr      udata   0x000070       data   0x00000c



                              Program Memory Usage 
                               Start         End      
                           ---------   ---------      
                            0x000000    0x000236      
                            0x008007    0x008008      
            569 out of 2055 program addresses used, program memory utilization is 27%



                              Symbols - Sorted by Name
                     Name    Address   Location    Storage File                     
                ---------  ---------  ---------  --------- ---------                
                       I0   0x0001f4    program     static /home/jacques/MPLABXProjects/ntsc_test/ntsc_test.X/ntsc_test.asm
             _.org_1_0060   0x000060    program     static /home/jacques/MPLABXProjects/ntsc_test/ntsc_test.X/ntsc_test.asm
             _.org_1_0062   0x000062    program     static /home/jacques/MPLABXProjects/ntsc_test/ntsc_test.X/ntsc_test.asm
             _.org_1_0078   0x000078    program     static /home/jacques/MPLABXProjects/ntsc_test/ntsc_test.X/ntsc_test.asm
             _.org_1_007F   0x00007f    program     static /home/jacques/MPLABXProjects/ntsc_test/ntsc_test.X/ntsc_test.asm
             _.org_1_01CC   0x0001cc    program     static /home/jacques/MPLABXProjects/ntsc_test/ntsc_test.X/ntsc_test.asm
                   digits   0x0001ce    program     static /home/jacques/MPLABXProjects/ntsc_test/ntsc_test.X/ntsc_test.asm
              fill_buffer   0x000087    program     static /home/jacques/MPLABXProjects/ntsc_test/ntsc_test.X/ntsc_test.asm
                fill_loop   0x000091    program     static /home/jacques/MPLABXProjects/ntsc_test/ntsc_test.X/ntsc_test.asm
                game_init   0x00015a    program     static /home/jacques/MPLABXProjects/ntsc_test/ntsc_test.X/ntsc_test.asm
           get_flash_word   0x0000dc    program     static /home/jacques/MPLABXProjects/ntsc_test/ntsc_test.X/ntsc_test.asm
                  get_row   0x0000ee    program     static /home/jacques/MPLABXProjects/ntsc_test/ntsc_test.X/ntsc_test.asm
                   gt_255   0x000022    program     static /home/jacques/MPLABXProjects/ntsc_test/ntsc_test.X/ntsc_test.asm
                    hline   0x00013c    program     static /home/jacques/MPLABXProjects/ntsc_test/ntsc_test.X/ntsc_test.asm
               hline_done   0x000149    program     static /home/jacques/MPLABXProjects/ntsc_test/ntsc_test.X/ntsc_test.asm
                     init   0x00019b    program     static /home/jacques/MPLABXProjects/ntsc_test/ntsc_test.X/ntsc_test.asm
                      isr   0x000004    program     static /home/jacques/MPLABXProjects/ntsc_test/ntsc_test.X/ntsc_test.asm
                    isr01   0x000014    program     static /home/jacques/MPLABXProjects/ntsc_test/ntsc_test.X/ntsc_test.asm
                    isr02   0x000020    program     static /home/jacques/MPLABXProjects/ntsc_test/ntsc_test.X/ntsc_test.asm
                 isr_exit   0x00004f    program     static /home/jacques/MPLABXProjects/ntsc_test/ntsc_test.X/ntsc_test.asm
                   labels   0x000214    program     static /home/jacques/MPLABXProjects/ntsc_test/ntsc_test.X/ntsc_test.asm
                   lt_256   0x000044    program     static /home/jacques/MPLABXProjects/ntsc_test/ntsc_test.X/ntsc_test.asm
                     main   0x0001ca    program     static /home/jacques/MPLABXProjects/ntsc_test/ntsc_test.X/ntsc_test.asm
                    mult6   0x000053    program     static /home/jacques/MPLABXProjects/ntsc_test/ntsc_test.X/ntsc_test.asm
          next_flash_word   0x0000ea    program     static /home/jacques/MPLABXProjects/ntsc_test/ntsc_test.X/ntsc_test.asm
                   nibble   0x0000f8    program     static /home/jacques/MPLABXProjects/ntsc_test/ntsc_test.X/ntsc_test.asm
              pixels_loop   0x000073    program     static /home/jacques/MPLABXProjects/ntsc_test/ntsc_test.X/ntsc_test.asm
               print_char   0x000105    program     static /home/jacques/MPLABXProjects/ntsc_test/ntsc_test.X/ntsc_test.asm
              print_label   0x00011f    program     static /home/jacques/MPLABXProjects/ntsc_test/ntsc_test.X/ntsc_test.asm
                print_row   0x0000fb    program     static /home/jacques/MPLABXProjects/ntsc_test/ntsc_test.X/ntsc_test.asm
             prt_lbl_loop   0x000121    program     static /home/jacques/MPLABXProjects/ntsc_test/ntsc_test.X/ntsc_test.asm
             prt_tbl_done   0x00013a    program     static /home/jacques/MPLABXProjects/ntsc_test/ntsc_test.X/ntsc_test.asm
               read_flash   0x0000e5    program     static /home/jacques/MPLABXProjects/ntsc_test/ntsc_test.X/ntsc_test.asm
                 read_pad   0x000058    program     static /home/jacques/MPLABXProjects/ntsc_test/ntsc_test.X/ntsc_test.asm
                     row0   0x0000f7    program     static /home/jacques/MPLABXProjects/ntsc_test/ntsc_test.X/ntsc_test.asm
                     row1   0x0000f3    program     static /home/jacques/MPLABXProjects/ntsc_test/ntsc_test.X/ntsc_test.asm
                     row2   0x0000f5    program     static /home/jacques/MPLABXProjects/ntsc_test/ntsc_test.X/ntsc_test.asm
            set_video_ptr   0x000097    program     static /home/jacques/MPLABXProjects/ntsc_test/ntsc_test.X/ntsc_test.asm
                    task1   0x000037    program     static /home/jacques/MPLABXProjects/ntsc_test/ntsc_test.X/ntsc_test.asm
                    task2   0x00003e    program     static /home/jacques/MPLABXProjects/ntsc_test/ntsc_test.X/ntsc_test.asm
                    tasks   0x00002d    program     static /home/jacques/MPLABXProjects/ntsc_test/ntsc_test.X/ntsc_test.asm
                   tetris   0x00019a    program     static /home/jacques/MPLABXProjects/ntsc_test/ntsc_test.X/ntsc_test.asm
               tetrominos   0x0001fc    program     static /home/jacques/MPLABXProjects/ntsc_test/ntsc_test.X/ntsc_test.asm
                txt_lines   0x000221    program     static /home/jacques/MPLABXProjects/ntsc_test/ntsc_test.X/ntsc_test.asm
                txt_score   0x000218    program     static /home/jacques/MPLABXProjects/ntsc_test/ntsc_test.X/ntsc_test.asm
                txt_zeros   0x00022a    program     static /home/jacques/MPLABXProjects/ntsc_test/ntsc_test.X/ntsc_test.asm
          video_serialize   0x000059    program     static /home/jacques/MPLABXProjects/ntsc_test/ntsc_test.X/ntsc_test.asm
                    vline   0x00014b    program     static /home/jacques/MPLABXProjects/ntsc_test/ntsc_test.X/ntsc_test.asm
               vline_done   0x000158    program     static /home/jacques/MPLABXProjects/ntsc_test/ntsc_test.X/ntsc_test.asm
                vsync_end   0x00000c    program     static /home/jacques/MPLABXProjects/ntsc_test/ntsc_test.X/ntsc_test.asm
              vsync_start   0x000018    program     static /home/jacques/MPLABXProjects/ntsc_test/ntsc_test.X/ntsc_test.asm
                xor_pixel   0x0000a9    program     static /home/jacques/MPLABXProjects/ntsc_test/ntsc_test.X/ntsc_test.asm
                  xor_row   0x0000c6    program     static /home/jacques/MPLABXProjects/ntsc_test/ntsc_test.X/ntsc_test.asm
                xor_row02   0x0000d6    program     static /home/jacques/MPLABXProjects/ntsc_test/ntsc_test.X/ntsc_test.asm
             xor_row_done   0x0000da    program     static /home/jacques/MPLABXProjects/ntsc_test/ntsc_test.X/ntsc_test.asm
                   xorp00   0x0000b7    program     static /home/jacques/MPLABXProjects/ntsc_test/ntsc_test.X/ntsc_test.asm
                   xorp01   0x0000ba    program     static /home/jacques/MPLABXProjects/ntsc_test/ntsc_test.X/ntsc_test.asm
                   _stack   0x000020       data     static /home/jacques/MPLABXProjects/ntsc_test/ntsc_test.X/ntsc_test.asm
                    accaH   0x000078       data     static /home/jacques/MPLABXProjects/ntsc_test/ntsc_test.X/ntsc_test.asm
                    accaL   0x000077       data     static /home/jacques/MPLABXProjects/ntsc_test/ntsc_test.X/ntsc_test.asm
                    accbH   0x00007a       data     static /home/jacques/MPLABXProjects/ntsc_test/ntsc_test.X/ntsc_test.asm
                    accbL   0x000079       data     static /home/jacques/MPLABXProjects/ntsc_test/ntsc_test.X/ntsc_test.asm
                    angle   0x000041       data     static /home/jacques/MPLABXProjects/ntsc_test/ntsc_test.X/ntsc_test.asm
                  buttons   0x00007b       data     static /home/jacques/MPLABXProjects/ntsc_test/ntsc_test.X/ntsc_test.asm
                  dropped   0x000046       data     static /home/jacques/MPLABXProjects/ntsc_test/ntsc_test.X/ntsc_test.asm
                    flags   0x000072       data     static /home/jacques/MPLABXProjects/ntsc_test/ntsc_test.X/ntsc_test.asm
                   gtimer   0x000073       data     static /home/jacques/MPLABXProjects/ntsc_test/ntsc_test.X/ntsc_test.asm
                  lcountH   0x000071       data     static /home/jacques/MPLABXProjects/ntsc_test/ntsc_test.X/ntsc_test.asm
                  lcountL   0x000070       data     static /home/jacques/MPLABXProjects/ntsc_test/ntsc_test.X/ntsc_test.asm
                    randH   0x000075       data     static /home/jacques/MPLABXProjects/ntsc_test/ntsc_test.X/ntsc_test.asm
                    randL   0x000074       data     static /home/jacques/MPLABXProjects/ntsc_test/ntsc_test.X/ntsc_test.asm
                   rcount   0x000076       data     static /home/jacques/MPLABXProjects/ntsc_test/ntsc_test.X/ntsc_test.asm
                      rst   0x00007c       data     static /home/jacques/MPLABXProjects/ntsc_test/ntsc_test.X/ntsc_test.asm
                   scoreH   0x000045       data     static /home/jacques/MPLABXProjects/ntsc_test/ntsc_test.X/ntsc_test.asm
                   scoreL   0x000044       data     static /home/jacques/MPLABXProjects/ntsc_test/ntsc_test.X/ntsc_test.asm
                   tetrim   0x000040       data     static /home/jacques/MPLABXProjects/ntsc_test/ntsc_test.X/ntsc_test.asm
                       tx   0x000042       data     static /home/jacques/MPLABXProjects/ntsc_test/ntsc_test.X/ntsc_test.asm
                       ty   0x000043       data     static /home/jacques/MPLABXProjects/ntsc_test/ntsc_test.X/ntsc_test.asm



                              Symbols - Sorted by Address
                     Name    Address   Location    Storage File                     
                ---------  ---------  ---------  --------- ---------                
                      isr   0x000004    program     static /home/jacques/MPLABXProjects/ntsc_test/ntsc_test.X/ntsc_test.asm
                vsync_end   0x00000c    program     static /home/jacques/MPLABXProjects/ntsc_test/ntsc_test.X/ntsc_test.asm
                    isr01   0x000014    program     static /home/jacques/MPLABXProjects/ntsc_test/ntsc_test.X/ntsc_test.asm
              vsync_start   0x000018    program     static /home/jacques/MPLABXProjects/ntsc_test/ntsc_test.X/ntsc_test.asm
                    isr02   0x000020    program     static /home/jacques/MPLABXProjects/ntsc_test/ntsc_test.X/ntsc_test.asm
                   gt_255   0x000022    program     static /home/jacques/MPLABXProjects/ntsc_test/ntsc_test.X/ntsc_test.asm
                    tasks   0x00002d    program     static /home/jacques/MPLABXProjects/ntsc_test/ntsc_test.X/ntsc_test.asm
                    task1   0x000037    program     static /home/jacques/MPLABXProjects/ntsc_test/ntsc_test.X/ntsc_test.asm
                    task2   0x00003e    program     static /home/jacques/MPLABXProjects/ntsc_test/ntsc_test.X/ntsc_test.asm
                   lt_256   0x000044    program     static /home/jacques/MPLABXProjects/ntsc_test/ntsc_test.X/ntsc_test.asm
                 isr_exit   0x00004f    program     static /home/jacques/MPLABXProjects/ntsc_test/ntsc_test.X/ntsc_test.asm
                    mult6   0x000053    program     static /home/jacques/MPLABXProjects/ntsc_test/ntsc_test.X/ntsc_test.asm
                 read_pad   0x000058    program     static /home/jacques/MPLABXProjects/ntsc_test/ntsc_test.X/ntsc_test.asm
          video_serialize   0x000059    program     static /home/jacques/MPLABXProjects/ntsc_test/ntsc_test.X/ntsc_test.asm
             _.org_1_0060   0x000060    program     static /home/jacques/MPLABXProjects/ntsc_test/ntsc_test.X/ntsc_test.asm
             _.org_1_0062   0x000062    program     static /home/jacques/MPLABXProjects/ntsc_test/ntsc_test.X/ntsc_test.asm
              pixels_loop   0x000073    program     static /home/jacques/MPLABXProjects/ntsc_test/ntsc_test.X/ntsc_test.asm
             _.org_1_0078   0x000078    program     static /home/jacques/MPLABXProjects/ntsc_test/ntsc_test.X/ntsc_test.asm
             _.org_1_007F   0x00007f    program     static /home/jacques/MPLABXProjects/ntsc_test/ntsc_test.X/ntsc_test.asm
              fill_buffer   0x000087    program     static /home/jacques/MPLABXProjects/ntsc_test/ntsc_test.X/ntsc_test.asm
                fill_loop   0x000091    program     static /home/jacques/MPLABXProjects/ntsc_test/ntsc_test.X/ntsc_test.asm
            set_video_ptr   0x000097    program     static /home/jacques/MPLABXProjects/ntsc_test/ntsc_test.X/ntsc_test.asm
                xor_pixel   0x0000a9    program     static /home/jacques/MPLABXProjects/ntsc_test/ntsc_test.X/ntsc_test.asm
                   xorp00   0x0000b7    program     static /home/jacques/MPLABXProjects/ntsc_test/ntsc_test.X/ntsc_test.asm
                   xorp01   0x0000ba    program     static /home/jacques/MPLABXProjects/ntsc_test/ntsc_test.X/ntsc_test.asm
                  xor_row   0x0000c6    program     static /home/jacques/MPLABXProjects/ntsc_test/ntsc_test.X/ntsc_test.asm
                xor_row02   0x0000d6    program     static /home/jacques/MPLABXProjects/ntsc_test/ntsc_test.X/ntsc_test.asm
             xor_row_done   0x0000da    program     static /home/jacques/MPLABXProjects/ntsc_test/ntsc_test.X/ntsc_test.asm
           get_flash_word   0x0000dc    program     static /home/jacques/MPLABXProjects/ntsc_test/ntsc_test.X/ntsc_test.asm
               read_flash   0x0000e5    program     static /home/jacques/MPLABXProjects/ntsc_test/ntsc_test.X/ntsc_test.asm
          next_flash_word   0x0000ea    program     static /home/jacques/MPLABXProjects/ntsc_test/ntsc_test.X/ntsc_test.asm
                  get_row   0x0000ee    program     static /home/jacques/MPLABXProjects/ntsc_test/ntsc_test.X/ntsc_test.asm
                     row1   0x0000f3    program     static /home/jacques/MPLABXProjects/ntsc_test/ntsc_test.X/ntsc_test.asm
                     row2   0x0000f5    program     static /home/jacques/MPLABXProjects/ntsc_test/ntsc_test.X/ntsc_test.asm
                     row0   0x0000f7    program     static /home/jacques/MPLABXProjects/ntsc_test/ntsc_test.X/ntsc_test.asm
                   nibble   0x0000f8    program     static /home/jacques/MPLABXProjects/ntsc_test/ntsc_test.X/ntsc_test.asm
                print_row   0x0000fb    program     static /home/jacques/MPLABXProjects/ntsc_test/ntsc_test.X/ntsc_test.asm
               print_char   0x000105    program     static /home/jacques/MPLABXProjects/ntsc_test/ntsc_test.X/ntsc_test.asm
              print_label   0x00011f    program     static /home/jacques/MPLABXProjects/ntsc_test/ntsc_test.X/ntsc_test.asm
             prt_lbl_loop   0x000121    program     static /home/jacques/MPLABXProjects/ntsc_test/ntsc_test.X/ntsc_test.asm
             prt_tbl_done   0x00013a    program     static /home/jacques/MPLABXProjects/ntsc_test/ntsc_test.X/ntsc_test.asm
                    hline   0x00013c    program     static /home/jacques/MPLABXProjects/ntsc_test/ntsc_test.X/ntsc_test.asm
               hline_done   0x000149    program     static /home/jacques/MPLABXProjects/ntsc_test/ntsc_test.X/ntsc_test.asm
                    vline   0x00014b    program     static /home/jacques/MPLABXProjects/ntsc_test/ntsc_test.X/ntsc_test.asm
               vline_done   0x000158    program     static /home/jacques/MPLABXProjects/ntsc_test/ntsc_test.X/ntsc_test.asm
                game_init   0x00015a    program     static /home/jacques/MPLABXProjects/ntsc_test/ntsc_test.X/ntsc_test.asm
                   tetris   0x00019a    program     static /home/jacques/MPLABXProjects/ntsc_test/ntsc_test.X/ntsc_test.asm
                     init   0x00019b    program     static /home/jacques/MPLABXProjects/ntsc_test/ntsc_test.X/ntsc_test.asm
                     main   0x0001ca    program     static /home/jacques/MPLABXProjects/ntsc_test/ntsc_test.X/ntsc_test.asm
             _.org_1_01CC   0x0001cc    program     static /home/jacques/MPLABXProjects/ntsc_test/ntsc_test.X/ntsc_test.asm
                   digits   0x0001ce    program     static /home/jacques/MPLABXProjects/ntsc_test/ntsc_test.X/ntsc_test.asm
                       I0   0x0001f4    program     static /home/jacques/MPLABXProjects/ntsc_test/ntsc_test.X/ntsc_test.asm
               tetrominos   0x0001fc    program     static /home/jacques/MPLABXProjects/ntsc_test/ntsc_test.X/ntsc_test.asm
                   labels   0x000214    program     static /home/jacques/MPLABXProjects/ntsc_test/ntsc_test.X/ntsc_test.asm
                txt_score   0x000218    program     static /home/jacques/MPLABXProjects/ntsc_test/ntsc_test.X/ntsc_test.asm
                txt_lines   0x000221    program     static /home/jacques/MPLABXProjects/ntsc_test/ntsc_test.X/ntsc_test.asm
                txt_zeros   0x00022a    program     static /home/jacques/MPLABXProjects/ntsc_test/ntsc_test.X/ntsc_test.asm
                   _stack   0x000020       data     static /home/jacques/MPLABXProjects/ntsc_test/ntsc_test.X/ntsc_test.asm
                   tetrim   0x000040       data     static /home/jacques/MPLABXProjects/ntsc_test/ntsc_test.X/ntsc_test.asm
                    angle   0x000041       data     static /home/jacques/MPLABXProjects/ntsc_test/ntsc_test.X/ntsc_test.asm
                       tx   0x000042       data     static /home/jacques/MPLABXProjects/ntsc_test/ntsc_test.X/ntsc_test.asm
                       ty   0x000043       data     static /home/jacques/MPLABXProjects/ntsc_test/ntsc_test.X/ntsc_test.asm
                   scoreL   0x000044       data     static /home/jacques/MPLABXProjects/ntsc_test/ntsc_test.X/ntsc_test.asm
                   scoreH   0x000045       data     static /home/jacques/MPLABXProjects/ntsc_test/ntsc_test.X/ntsc_test.asm
                  dropped   0x000046       data     static /home/jacques/MPLABXProjects/ntsc_test/ntsc_test.X/ntsc_test.asm
                  lcountL   0x000070       data     static /home/jacques/MPLABXProjects/ntsc_test/ntsc_test.X/ntsc_test.asm
                  lcountH   0x000071       data     static /home/jacques/MPLABXProjects/ntsc_test/ntsc_test.X/ntsc_test.asm
                    flags   0x000072       data     static /home/jacques/MPLABXProjects/ntsc_test/ntsc_test.X/ntsc_test.asm
                   gtimer   0x000073       data     static /home/jacques/MPLABXProjects/ntsc_test/ntsc_test.X/ntsc_test.asm
                    randL   0x000074       data     static /home/jacques/MPLABXProjects/ntsc_test/ntsc_test.X/ntsc_test.asm
                    randH   0x000075       data     static /home/jacques/MPLABXProjects/ntsc_test/ntsc_test.X/ntsc_test.asm
                   rcount   0x000076       data     static /home/jacques/MPLABXProjects/ntsc_test/ntsc_test.X/ntsc_test.asm
                    accaL   0x000077       data     static /home/jacques/MPLABXProjects/ntsc_test/ntsc_test.X/ntsc_test.asm
                    accaH   0x000078       data     static /home/jacques/MPLABXProjects/ntsc_test/ntsc_test.X/ntsc_test.asm
                    accbL   0x000079       data     static /home/jacques/MPLABXProjects/ntsc_test/ntsc_test.X/ntsc_test.asm
                    accbH   0x00007a       data     static /home/jacques/MPLABXProjects/ntsc_test/ntsc_test.X/ntsc_test.asm
                  buttons   0x00007b       data     static /home/jacques/MPLABXProjects/ntsc_test/ntsc_test.X/ntsc_test.asm
                      rst   0x00007c       data     static /home/jacques/MPLABXProjects/ntsc_test/ntsc_test.X/ntsc_test.asm


