MPLINK 5.08, LINKER
Linker Map File - Created Sun Dec  4 21:28:02 2016

                                 Section Info
                  Section       Type    Address   Location Size(Bytes)
                ---------  ---------  ---------  ---------  ---------
                   .org_0       code   0x000000    program   0x000006
                   .org_1       code   0x000004    program   0x000330
                   .cinit    romdata   0x00019c    program   0x000004
.config_8007_BUILD/DEFAULT/PRODUCTION/NTSC_TE       code   0x008007    program   0x000002
.config_8008_BUILD/DEFAULT/PRODUCTION/NTSC_TE       code   0x008008    program   0x000002
               .udata_shr      udata   0x000070       data   0x000007



                              Program Memory Usage 
                               Start         End      
                           ---------   ---------      
                            0x000000    0x000002      
                            0x000004    0x00019d      
                            0x008007    0x008008      
            415 out of 2055 program addresses used, program memory utilization is 20%



                              Symbols - Sorted by Name
                     Name    Address   Location    Storage File                     
                ---------  ---------  ---------  --------- ---------                
             _.org_1_0042   0x000042    program     static /home/jacques/MPLABXProjects/ntsc_test/ntsc_test.X/ntsc_test.asm
             _.org_1_0044   0x000044    program     static /home/jacques/MPLABXProjects/ntsc_test/ntsc_test.X/ntsc_test.asm
             _.org_1_005A   0x00005a    program     static /home/jacques/MPLABXProjects/ntsc_test/ntsc_test.X/ntsc_test.asm
             _.org_1_0061   0x000061    program     static /home/jacques/MPLABXProjects/ntsc_test/ntsc_test.X/ntsc_test.asm
             _.org_1_0186   0x000186    program     static /home/jacques/MPLABXProjects/ntsc_test/ntsc_test.X/ntsc_test.asm
                   digits   0x000188    program     static /home/jacques/MPLABXProjects/ntsc_test/ntsc_test.X/ntsc_test.asm
              fill_buffer   0x000065    program     static /home/jacques/MPLABXProjects/ntsc_test/ntsc_test.X/ntsc_test.asm
                fill_loop   0x00006f    program     static /home/jacques/MPLABXProjects/ntsc_test/ntsc_test.X/ntsc_test.asm
                      g01   0x000157    program     static /home/jacques/MPLABXProjects/ntsc_test/ntsc_test.X/ntsc_test.asm
                game_init   0x000126    program     static /home/jacques/MPLABXProjects/ntsc_test/ntsc_test.X/ntsc_test.asm
           get_flash_word   0x0000b9    program     static /home/jacques/MPLABXProjects/ntsc_test/ntsc_test.X/ntsc_test.asm
                    gloop   0x000146    program     static /home/jacques/MPLABXProjects/ntsc_test/ntsc_test.X/ntsc_test.asm
                   gt_255   0x000022    program     static /home/jacques/MPLABXProjects/ntsc_test/ntsc_test.X/ntsc_test.asm
                    hline   0x00010a    program     static /home/jacques/MPLABXProjects/ntsc_test/ntsc_test.X/ntsc_test.asm
               hline_done   0x000116    program     static /home/jacques/MPLABXProjects/ntsc_test/ntsc_test.X/ntsc_test.asm
                     init   0x000159    program     static /home/jacques/MPLABXProjects/ntsc_test/ntsc_test.X/ntsc_test.asm
                      isr   0x000004    program     static /home/jacques/MPLABXProjects/ntsc_test/ntsc_test.X/ntsc_test.asm
                    isr01   0x000014    program     static /home/jacques/MPLABXProjects/ntsc_test/ntsc_test.X/ntsc_test.asm
                    isr02   0x000020    program     static /home/jacques/MPLABXProjects/ntsc_test/ntsc_test.X/ntsc_test.asm
                 isr_exit   0x000038    program     static /home/jacques/MPLABXProjects/ntsc_test/ntsc_test.X/ntsc_test.asm
                   lt_256   0x00002d    program     static /home/jacques/MPLABXProjects/ntsc_test/ntsc_test.X/ntsc_test.asm
                     main   0x000184    program     static /home/jacques/MPLABXProjects/ntsc_test/ntsc_test.X/ntsc_test.asm
                    mult6   0x00003c    program     static /home/jacques/MPLABXProjects/ntsc_test/ntsc_test.X/ntsc_test.asm
              pixels_loop   0x000055    program     static /home/jacques/MPLABXProjects/ntsc_test/ntsc_test.X/ntsc_test.asm
              print_digit   0x0000c7    program     static /home/jacques/MPLABXProjects/ntsc_test/ntsc_test.X/ntsc_test.asm
               read_flash   0x0000c2    program     static /home/jacques/MPLABXProjects/ntsc_test/ntsc_test.X/ntsc_test.asm
            set_video_ptr   0x000075    program     static /home/jacques/MPLABXProjects/ntsc_test/ntsc_test.X/ntsc_test.asm
                   tetris   0x000158    program     static /home/jacques/MPLABXProjects/ntsc_test/ntsc_test.X/ntsc_test.asm
          video_serialize   0x000041    program     static /home/jacques/MPLABXProjects/ntsc_test/ntsc_test.X/ntsc_test.asm
                    vline   0x000118    program     static /home/jacques/MPLABXProjects/ntsc_test/ntsc_test.X/ntsc_test.asm
               vline_done   0x000124    program     static /home/jacques/MPLABXProjects/ntsc_test/ntsc_test.X/ntsc_test.asm
                vsync_end   0x00000c    program     static /home/jacques/MPLABXProjects/ntsc_test/ntsc_test.X/ntsc_test.asm
              vsync_start   0x000018    program     static /home/jacques/MPLABXProjects/ntsc_test/ntsc_test.X/ntsc_test.asm
                xor_pixel   0x000087    program     static /home/jacques/MPLABXProjects/ntsc_test/ntsc_test.X/ntsc_test.asm
                  xor_row   0x0000a3    program     static /home/jacques/MPLABXProjects/ntsc_test/ntsc_test.X/ntsc_test.asm
                xor_row02   0x0000b3    program     static /home/jacques/MPLABXProjects/ntsc_test/ntsc_test.X/ntsc_test.asm
             xor_row_done   0x0000b7    program     static /home/jacques/MPLABXProjects/ntsc_test/ntsc_test.X/ntsc_test.asm
                   xorp00   0x000095    program     static /home/jacques/MPLABXProjects/ntsc_test/ntsc_test.X/ntsc_test.asm
                   xorp01   0x000098    program     static /home/jacques/MPLABXProjects/ntsc_test/ntsc_test.X/ntsc_test.asm
                    accaH   0x000076       data     static /home/jacques/MPLABXProjects/ntsc_test/ntsc_test.X/ntsc_test.asm
                    accaL   0x000075       data     static /home/jacques/MPLABXProjects/ntsc_test/ntsc_test.X/ntsc_test.asm
                    flags   0x000072       data     static /home/jacques/MPLABXProjects/ntsc_test/ntsc_test.X/ntsc_test.asm
                  lcountH   0x000071       data     static /home/jacques/MPLABXProjects/ntsc_test/ntsc_test.X/ntsc_test.asm
                  lcountL   0x000070       data     static /home/jacques/MPLABXProjects/ntsc_test/ntsc_test.X/ntsc_test.asm
                   rcount   0x000073       data     static /home/jacques/MPLABXProjects/ntsc_test/ntsc_test.X/ntsc_test.asm
                     temp   0x000074       data     static /home/jacques/MPLABXProjects/ntsc_test/ntsc_test.X/ntsc_test.asm



                              Symbols - Sorted by Address
                     Name    Address   Location    Storage File                     
                ---------  ---------  ---------  --------- ---------                
                      isr   0x000004    program     static /home/jacques/MPLABXProjects/ntsc_test/ntsc_test.X/ntsc_test.asm
                vsync_end   0x00000c    program     static /home/jacques/MPLABXProjects/ntsc_test/ntsc_test.X/ntsc_test.asm
                    isr01   0x000014    program     static /home/jacques/MPLABXProjects/ntsc_test/ntsc_test.X/ntsc_test.asm
              vsync_start   0x000018    program     static /home/jacques/MPLABXProjects/ntsc_test/ntsc_test.X/ntsc_test.asm
                    isr02   0x000020    program     static /home/jacques/MPLABXProjects/ntsc_test/ntsc_test.X/ntsc_test.asm
                   gt_255   0x000022    program     static /home/jacques/MPLABXProjects/ntsc_test/ntsc_test.X/ntsc_test.asm
                   lt_256   0x00002d    program     static /home/jacques/MPLABXProjects/ntsc_test/ntsc_test.X/ntsc_test.asm
                 isr_exit   0x000038    program     static /home/jacques/MPLABXProjects/ntsc_test/ntsc_test.X/ntsc_test.asm
                    mult6   0x00003c    program     static /home/jacques/MPLABXProjects/ntsc_test/ntsc_test.X/ntsc_test.asm
          video_serialize   0x000041    program     static /home/jacques/MPLABXProjects/ntsc_test/ntsc_test.X/ntsc_test.asm
             _.org_1_0042   0x000042    program     static /home/jacques/MPLABXProjects/ntsc_test/ntsc_test.X/ntsc_test.asm
             _.org_1_0044   0x000044    program     static /home/jacques/MPLABXProjects/ntsc_test/ntsc_test.X/ntsc_test.asm
              pixels_loop   0x000055    program     static /home/jacques/MPLABXProjects/ntsc_test/ntsc_test.X/ntsc_test.asm
             _.org_1_005A   0x00005a    program     static /home/jacques/MPLABXProjects/ntsc_test/ntsc_test.X/ntsc_test.asm
             _.org_1_0061   0x000061    program     static /home/jacques/MPLABXProjects/ntsc_test/ntsc_test.X/ntsc_test.asm
              fill_buffer   0x000065    program     static /home/jacques/MPLABXProjects/ntsc_test/ntsc_test.X/ntsc_test.asm
                fill_loop   0x00006f    program     static /home/jacques/MPLABXProjects/ntsc_test/ntsc_test.X/ntsc_test.asm
            set_video_ptr   0x000075    program     static /home/jacques/MPLABXProjects/ntsc_test/ntsc_test.X/ntsc_test.asm
                xor_pixel   0x000087    program     static /home/jacques/MPLABXProjects/ntsc_test/ntsc_test.X/ntsc_test.asm
                   xorp00   0x000095    program     static /home/jacques/MPLABXProjects/ntsc_test/ntsc_test.X/ntsc_test.asm
                   xorp01   0x000098    program     static /home/jacques/MPLABXProjects/ntsc_test/ntsc_test.X/ntsc_test.asm
                  xor_row   0x0000a3    program     static /home/jacques/MPLABXProjects/ntsc_test/ntsc_test.X/ntsc_test.asm
                xor_row02   0x0000b3    program     static /home/jacques/MPLABXProjects/ntsc_test/ntsc_test.X/ntsc_test.asm
             xor_row_done   0x0000b7    program     static /home/jacques/MPLABXProjects/ntsc_test/ntsc_test.X/ntsc_test.asm
           get_flash_word   0x0000b9    program     static /home/jacques/MPLABXProjects/ntsc_test/ntsc_test.X/ntsc_test.asm
               read_flash   0x0000c2    program     static /home/jacques/MPLABXProjects/ntsc_test/ntsc_test.X/ntsc_test.asm
              print_digit   0x0000c7    program     static /home/jacques/MPLABXProjects/ntsc_test/ntsc_test.X/ntsc_test.asm
                    hline   0x00010a    program     static /home/jacques/MPLABXProjects/ntsc_test/ntsc_test.X/ntsc_test.asm
               hline_done   0x000116    program     static /home/jacques/MPLABXProjects/ntsc_test/ntsc_test.X/ntsc_test.asm
                    vline   0x000118    program     static /home/jacques/MPLABXProjects/ntsc_test/ntsc_test.X/ntsc_test.asm
               vline_done   0x000124    program     static /home/jacques/MPLABXProjects/ntsc_test/ntsc_test.X/ntsc_test.asm
                game_init   0x000126    program     static /home/jacques/MPLABXProjects/ntsc_test/ntsc_test.X/ntsc_test.asm
                    gloop   0x000146    program     static /home/jacques/MPLABXProjects/ntsc_test/ntsc_test.X/ntsc_test.asm
                      g01   0x000157    program     static /home/jacques/MPLABXProjects/ntsc_test/ntsc_test.X/ntsc_test.asm
                   tetris   0x000158    program     static /home/jacques/MPLABXProjects/ntsc_test/ntsc_test.X/ntsc_test.asm
                     init   0x000159    program     static /home/jacques/MPLABXProjects/ntsc_test/ntsc_test.X/ntsc_test.asm
                     main   0x000184    program     static /home/jacques/MPLABXProjects/ntsc_test/ntsc_test.X/ntsc_test.asm
             _.org_1_0186   0x000186    program     static /home/jacques/MPLABXProjects/ntsc_test/ntsc_test.X/ntsc_test.asm
                   digits   0x000188    program     static /home/jacques/MPLABXProjects/ntsc_test/ntsc_test.X/ntsc_test.asm
                  lcountL   0x000070       data     static /home/jacques/MPLABXProjects/ntsc_test/ntsc_test.X/ntsc_test.asm
                  lcountH   0x000071       data     static /home/jacques/MPLABXProjects/ntsc_test/ntsc_test.X/ntsc_test.asm
                    flags   0x000072       data     static /home/jacques/MPLABXProjects/ntsc_test/ntsc_test.X/ntsc_test.asm
                   rcount   0x000073       data     static /home/jacques/MPLABXProjects/ntsc_test/ntsc_test.X/ntsc_test.asm
                     temp   0x000074       data     static /home/jacques/MPLABXProjects/ntsc_test/ntsc_test.X/ntsc_test.asm
                    accaL   0x000075       data     static /home/jacques/MPLABXProjects/ntsc_test/ntsc_test.X/ntsc_test.asm
                    accaH   0x000076       data     static /home/jacques/MPLABXProjects/ntsc_test/ntsc_test.X/ntsc_test.asm


