MPLINK 5.08, LINKER
Linker Map File - Created Sat Dec 10 22:05:36 2016

                                 Section Info
                  Section       Type    Address   Location Size(Bytes)
                ---------  ---------  ---------  ---------  ---------
                   .org_0       code   0x000000    program   0x000008
                   .org_1       code   0x000004    program   0x00080e
                   .cinit    romdata   0x00040b    program   0x000004
.config_8007_BUILD/DEFAULT/PRODUCTION/TETRIS.       code   0x008007    program   0x000002
.config_8008_BUILD/DEFAULT/PRODUCTION/TETRIS.       code   0x008008    program   0x000002
                   dstack      udata   0x000020       data   0x000020
                 game_var      udata   0x000040       data   0x000007
                    vb_b0      udata   0x000050       data   0x000020
               .udata_shr      udata   0x000070       data   0x00000e
                    vb_b1      udata   0x0000a0       data   0x000050
                    vb_b2      udata   0x000120       data   0x000050



                              Program Memory Usage 
                               Start         End      
                           ---------   ---------      
                            0x000000    0x00040c      
                            0x008007    0x008008      
            1039 out of 2055 program addresses used, program memory utilization is 50%



                              Symbols - Sorted by Name
                     Name    Address   Location    Storage File                     
                ---------  ---------  ---------  --------- ---------                
                       I0   0x000370    program     static /home/jacques/MPLABXProjects/ntsc_test/ntsc_test.X/tetris.asm
             _.org_1_0079   0x000079    program     static /home/jacques/MPLABXProjects/ntsc_test/ntsc_test.X/tetris.asm
             _.org_1_007B   0x00007b    program     static /home/jacques/MPLABXProjects/ntsc_test/ntsc_test.X/tetris.asm
             _.org_1_007D   0x00007d    program     static /home/jacques/MPLABXProjects/ntsc_test/ntsc_test.X/tetris.asm
             _.org_1_0080   0x000080    program     static /home/jacques/MPLABXProjects/ntsc_test/ntsc_test.X/tetris.asm
             _.org_1_00C4   0x0000c4    program     static /home/jacques/MPLABXProjects/ntsc_test/ntsc_test.X/tetris.asm
             _.org_1_00C6   0x0000c6    program     static /home/jacques/MPLABXProjects/ntsc_test/ntsc_test.X/tetris.asm
             _.org_1_00DC   0x0000dc    program     static /home/jacques/MPLABXProjects/ntsc_test/ntsc_test.X/tetris.asm
             _.org_1_00E3   0x0000e3    program     static /home/jacques/MPLABXProjects/ntsc_test/ntsc_test.X/tetris.asm
             _.org_1_0277   0x000277    program     static /home/jacques/MPLABXProjects/ntsc_test/ntsc_test.X/tetris.asm
             _.org_1_0284   0x000284    program     static /home/jacques/MPLABXProjects/ntsc_test/ntsc_test.X/tetris.asm
             _.org_1_02B4   0x0002b4    program     static /home/jacques/MPLABXProjects/ntsc_test/ntsc_test.X/tetris.asm
                    bitop   0x000115    program     static /home/jacques/MPLABXProjects/ntsc_test/ntsc_test.X/tetris.asm
                  bitop00   0x000122    program     static /home/jacques/MPLABXProjects/ntsc_test/ntsc_test.X/tetris.asm
                  bitop01   0x000125    program     static /home/jacques/MPLABXProjects/ntsc_test/ntsc_test.X/tetris.asm
                  bitop02   0x000130    program     static /home/jacques/MPLABXProjects/ntsc_test/ntsc_test.X/tetris.asm
                clear_bit   0x000129    program     static /home/jacques/MPLABXProjects/ntsc_test/ntsc_test.X/tetris.asm
                   digits   0x00032c    program     static /home/jacques/MPLABXProjects/ntsc_test/ntsc_test.X/tetris.asm
                    div10   0x00005f    program     static /home/jacques/MPLABXProjects/ntsc_test/ntsc_test.X/tetris.asm
               div10_loop   0x000063    program     static /home/jacques/MPLABXProjects/ntsc_test/ntsc_test.X/tetris.asm
                fall_loop   0x0002ac    program     static /home/jacques/MPLABXProjects/ntsc_test/ntsc_test.X/tetris.asm
              fill_buffer   0x0000eb    program     static /home/jacques/MPLABXProjects/ntsc_test/ntsc_test.X/tetris.asm
                fill_loop   0x0000f3    program     static /home/jacques/MPLABXProjects/ntsc_test/ntsc_test.X/tetris.asm
                game_init   0x000215    program     static /home/jacques/MPLABXProjects/ntsc_test/ntsc_test.X/tetris.asm
                game_loop   0x0002ab    program     static /home/jacques/MPLABXProjects/ntsc_test/ntsc_test.X/tetris.asm
                game_over   0x0002e7    program     static /home/jacques/MPLABXProjects/ntsc_test/ntsc_test.X/tetris.asm
           get_flash_word   0x000151    program     static /home/jacques/MPLABXProjects/ntsc_test/ntsc_test.X/tetris.asm
               get_nibble   0x000165    program     static /home/jacques/MPLABXProjects/ntsc_test/ntsc_test.X/tetris.asm
                get_pixel   0x00010b    program     static /home/jacques/MPLABXProjects/ntsc_test/ntsc_test.X/tetris.asm
                    gpx00   0x00010f    program     static /home/jacques/MPLABXProjects/ntsc_test/ntsc_test.X/tetris.asm
                    gpx01   0x000112    program     static /home/jacques/MPLABXProjects/ntsc_test/ntsc_test.X/tetris.asm
                   gt_255   0x00002a    program     static /home/jacques/MPLABXProjects/ntsc_test/ntsc_test.X/tetris.asm
                hard_drop   0x0002d3    program     static /home/jacques/MPLABXProjects/ntsc_test/ntsc_test.X/tetris.asm
                    hline   0x0001f3    program     static /home/jacques/MPLABXProjects/ntsc_test/ntsc_test.X/tetris.asm
               hline_done   0x000202    program     static /home/jacques/MPLABXProjects/ntsc_test/ntsc_test.X/tetris.asm
                     init   0x0002ea    program     static /home/jacques/MPLABXProjects/ntsc_test/ntsc_test.X/tetris.asm
                      isr   0x000004    program     static /home/jacques/MPLABXProjects/ntsc_test/ntsc_test.X/tetris.asm
                 isr_exit   0x00005b    program     static /home/jacques/MPLABXProjects/ntsc_test/ntsc_test.X/tetris.asm
                     koro   0x00026b    program     static /home/jacques/MPLABXProjects/ntsc_test/ntsc_test.X/tetris.asm
              korobeiniki   0x0003c5    program     static /home/jacques/MPLABXProjects/ntsc_test/ntsc_test.X/tetris.asm
                   labels   0x000378    program     static /home/jacques/MPLABXProjects/ntsc_test/ntsc_test.X/tetris.asm
                   lt_256   0x00000e    program     static /home/jacques/MPLABXProjects/ntsc_test/ntsc_test.X/tetris.asm
                     main   0x000329    program     static /home/jacques/MPLABXProjects/ntsc_test/ntsc_test.X/tetris.asm
                move_left   0x0002dd    program     static /home/jacques/MPLABXProjects/ntsc_test/ntsc_test.X/tetris.asm
               move_right   0x0002e2    program     static /home/jacques/MPLABXProjects/ntsc_test/ntsc_test.X/tetris.asm
                    mult6   0x00006f    program     static /home/jacques/MPLABXProjects/ntsc_test/ntsc_test.X/tetris.asm
             new_position   0x0002e6    program     static /home/jacques/MPLABXProjects/ntsc_test/ntsc_test.X/tetris.asm
               new_tminos   0x000258    program     static /home/jacques/MPLABXProjects/ntsc_test/ntsc_test.X/tetris.asm
          next_flash_word   0x000160    program     static /home/jacques/MPLABXProjects/ntsc_test/ntsc_test.X/tetris.asm
              nibble_mask   0x000174    program     static /home/jacques/MPLABXProjects/ntsc_test/ntsc_test.X/tetris.asm
                no_button   0x0000a5    program     static /home/jacques/MPLABXProjects/ntsc_test/ntsc_test.X/tetris.asm
                  no_zero   0x0001f1    program     static /home/jacques/MPLABXProjects/ntsc_test/ntsc_test.X/tetris.asm
              pixels_loop   0x0000d7    program     static /home/jacques/MPLABXProjects/ntsc_test/ntsc_test.X/tetris.asm
               print_char   0x000182    program     static /home/jacques/MPLABXProjects/ntsc_test/ntsc_test.X/tetris.asm
                print_int   0x0001d8    program     static /home/jacques/MPLABXProjects/ntsc_test/ntsc_test.X/tetris.asm
              print_label   0x0001bb    program     static /home/jacques/MPLABXProjects/ntsc_test/ntsc_test.X/tetris.asm
               print_last   0x0001eb    program     static /home/jacques/MPLABXProjects/ntsc_test/ntsc_test.X/tetris.asm
                print_row   0x000178    program     static /home/jacques/MPLABXProjects/ntsc_test/ntsc_test.X/tetris.asm
             print_tetrim   0x000191    program     static /home/jacques/MPLABXProjects/ntsc_test/ntsc_test.X/tetris.asm
                    prt01   0x0001a7    program     static /home/jacques/MPLABXProjects/ntsc_test/ntsc_test.X/tetris.asm
             prt_lbl_done   0x0001d6    program     static /home/jacques/MPLABXProjects/ntsc_test/ntsc_test.X/tetris.asm
             prt_lbl_loop   0x0001bd    program     static /home/jacques/MPLABXProjects/ntsc_test/ntsc_test.X/tetris.asm
                     qr00   0x000249    program     static /home/jacques/MPLABXProjects/ntsc_test/ntsc_test.X/tetris.asm
                     qr01   0x000253    program     static /home/jacques/MPLABXProjects/ntsc_test/ntsc_test.X/tetris.asm
                query_row   0x000247    program     static /home/jacques/MPLABXProjects/ntsc_test/ntsc_test.X/tetris.asm
               read_flash   0x00015a    program     static /home/jacques/MPLABXProjects/ntsc_test/ntsc_test.X/tetris.asm
                 read_pad   0x000074    program     static /home/jacques/MPLABXProjects/ntsc_test/ntsc_test.X/tetris.asm
                 rot_left   0x0002d5    program     static /home/jacques/MPLABXProjects/ntsc_test/ntsc_test.X/tetris.asm
                rot_right   0x0002d9    program     static /home/jacques/MPLABXProjects/ntsc_test/ntsc_test.X/tetris.asm
                     row0   0x000173    program     static /home/jacques/MPLABXProjects/ntsc_test/ntsc_test.X/tetris.asm
                     row1   0x00016f    program     static /home/jacques/MPLABXProjects/ntsc_test/ntsc_test.X/tetris.asm
                     row2   0x000171    program     static /home/jacques/MPLABXProjects/ntsc_test/ntsc_test.X/tetris.asm
            set_video_ptr   0x0000f9    program     static /home/jacques/MPLABXProjects/ntsc_test/ntsc_test.X/tetris.asm
                soft_drop   0x0002d4    program     static /home/jacques/MPLABXProjects/ntsc_test/ntsc_test.X/tetris.asm
                    task0   0x000043    program     static /home/jacques/MPLABXProjects/ntsc_test/ntsc_test.X/tetris.asm
                    task1   0x00004e    program     static /home/jacques/MPLABXProjects/ntsc_test/ntsc_test.X/tetris.asm
                    task2   0x000055    program     static /home/jacques/MPLABXProjects/ntsc_test/ntsc_test.X/tetris.asm
                    tasks   0x000035    program     static /home/jacques/MPLABXProjects/ntsc_test/ntsc_test.X/tetris.asm
               tetriminos   0x000358    program     static /home/jacques/MPLABXProjects/ntsc_test/ntsc_test.X/tetris.asm
                   tetris   0x000288    program     static /home/jacques/MPLABXProjects/ntsc_test/ntsc_test.X/tetris.asm
                       ti   0x0001a0    program     static /home/jacques/MPLABXProjects/ntsc_test/ntsc_test.X/tetris.asm
                     tone   0x0000a6    program     static /home/jacques/MPLABXProjects/ntsc_test/ntsc_test.X/tetris.asm
                  tone_pr   0x000398    program     static /home/jacques/MPLABXProjects/ntsc_test/ntsc_test.X/tetris.asm
                    try_a   0x000082    program     static /home/jacques/MPLABXProjects/ntsc_test/ntsc_test.X/tetris.asm
                    try_b   0x000088    program     static /home/jacques/MPLABXProjects/ntsc_test/ntsc_test.X/tetris.asm
                   try_dn   0x0000a0    program     static /home/jacques/MPLABXProjects/ntsc_test/ntsc_test.X/tetris.asm
                   try_lt   0x00009a    program     static /home/jacques/MPLABXProjects/ntsc_test/ntsc_test.X/tetris.asm
                   try_rt   0x00008e    program     static /home/jacques/MPLABXProjects/ntsc_test/ntsc_test.X/tetris.asm
                   try_up   0x000094    program     static /home/jacques/MPLABXProjects/ntsc_test/ntsc_test.X/tetris.asm
                txt_lines   0x000385    program     static /home/jacques/MPLABXProjects/ntsc_test/ntsc_test.X/tetris.asm
                txt_press   0x00038e    program     static /home/jacques/MPLABXProjects/ntsc_test/ntsc_test.X/tetris.asm
                txt_score   0x00037c    program     static /home/jacques/MPLABXProjects/ntsc_test/ntsc_test.X/tetris.asm
          video_serialize   0x0000bd    program     static /home/jacques/MPLABXProjects/ntsc_test/ntsc_test.X/tetris.asm
                    vline   0x000204    program     static /home/jacques/MPLABXProjects/ntsc_test/ntsc_test.X/tetris.asm
               vline_done   0x000213    program     static /home/jacques/MPLABXProjects/ntsc_test/ntsc_test.X/tetris.asm
                vsync_end   0x000022    program     static /home/jacques/MPLABXProjects/ntsc_test/ntsc_test.X/tetris.asm
              vsync_start   0x00001a    program     static /home/jacques/MPLABXProjects/ntsc_test/ntsc_test.X/tetris.asm
                 wait_end   0x000286    program     static /home/jacques/MPLABXProjects/ntsc_test/ntsc_test.X/tetris.asm
               wait_start   0x000266    program     static /home/jacques/MPLABXProjects/ntsc_test/ntsc_test.X/tetris.asm
                  xor_bit   0x00012c    program     static /home/jacques/MPLABXProjects/ntsc_test/ntsc_test.X/tetris.asm
                  xor_row   0x000139    program     static /home/jacques/MPLABXProjects/ntsc_test/ntsc_test.X/tetris.asm
                xor_row02   0x00014b    program     static /home/jacques/MPLABXProjects/ntsc_test/ntsc_test.X/tetris.asm
             xor_row_done   0x00014f    program     static /home/jacques/MPLABXProjects/ntsc_test/ntsc_test.X/tetris.asm
                   _stack   0x000020       data     static /home/jacques/MPLABXProjects/ntsc_test/ntsc_test.X/tetris.asm
                    accaH   0x000079       data     static /home/jacques/MPLABXProjects/ntsc_test/ntsc_test.X/tetris.asm
                    accaL   0x000078       data     static /home/jacques/MPLABXProjects/ntsc_test/ntsc_test.X/tetris.asm
                    accbH   0x00007b       data     static /home/jacques/MPLABXProjects/ntsc_test/ntsc_test.X/tetris.asm
                    accbL   0x00007a       data     static /home/jacques/MPLABXProjects/ntsc_test/ntsc_test.X/tetris.asm
                    angle   0x000041       data     static /home/jacques/MPLABXProjects/ntsc_test/ntsc_test.X/tetris.asm
                  buttons   0x00007c       data     static /home/jacques/MPLABXProjects/ntsc_test/ntsc_test.X/tetris.asm
                  dropped   0x000046       data     static /home/jacques/MPLABXProjects/ntsc_test/ntsc_test.X/tetris.asm
                    flags   0x000072       data     static /home/jacques/MPLABXProjects/ntsc_test/ntsc_test.X/tetris.asm
                   gtimer   0x000073       data     static /home/jacques/MPLABXProjects/ntsc_test/ntsc_test.X/tetris.asm
                  lcountH   0x000071       data     static /home/jacques/MPLABXProjects/ntsc_test/ntsc_test.X/tetris.asm
                  lcountL   0x000070       data     static /home/jacques/MPLABXProjects/ntsc_test/ntsc_test.X/tetris.asm
                   nibble   0x00007d       data     static /home/jacques/MPLABXProjects/ntsc_test/ntsc_test.X/tetris.asm
                    randH   0x000076       data     static /home/jacques/MPLABXProjects/ntsc_test/ntsc_test.X/tetris.asm
                    randL   0x000075       data     static /home/jacques/MPLABXProjects/ntsc_test/ntsc_test.X/tetris.asm
                   rcount   0x000077       data     static /home/jacques/MPLABXProjects/ntsc_test/ntsc_test.X/tetris.asm
                      rst   0x00007e       data     static /home/jacques/MPLABXProjects/ntsc_test/ntsc_test.X/tetris.asm
                   scoreH   0x000045       data     static /home/jacques/MPLABXProjects/ntsc_test/ntsc_test.X/tetris.asm
                   scoreL   0x000044       data     static /home/jacques/MPLABXProjects/ntsc_test/ntsc_test.X/tetris.asm
                   tetrim   0x000040       data     static /home/jacques/MPLABXProjects/ntsc_test/ntsc_test.X/tetris.asm
                 tone_tmr   0x000074       data     static /home/jacques/MPLABXProjects/ntsc_test/ntsc_test.X/tetris.asm
                       tx   0x000042       data     static /home/jacques/MPLABXProjects/ntsc_test/ntsc_test.X/tetris.asm
                       ty   0x000043       data     static /home/jacques/MPLABXProjects/ntsc_test/ntsc_test.X/tetris.asm
          video_buffer_b0   0x000050       data     static /home/jacques/MPLABXProjects/ntsc_test/ntsc_test.X/tetris.asm
          video_buffer_b2   0x0000a0       data     static /home/jacques/MPLABXProjects/ntsc_test/ntsc_test.X/tetris.asm
          video_buffer_b3   0x000120       data     static /home/jacques/MPLABXProjects/ntsc_test/ntsc_test.X/tetris.asm



                              Symbols - Sorted by Address
                     Name    Address   Location    Storage File                     
                ---------  ---------  ---------  --------- ---------                
                      isr   0x000004    program     static /home/jacques/MPLABXProjects/ntsc_test/ntsc_test.X/tetris.asm
                   lt_256   0x00000e    program     static /home/jacques/MPLABXProjects/ntsc_test/ntsc_test.X/tetris.asm
              vsync_start   0x00001a    program     static /home/jacques/MPLABXProjects/ntsc_test/ntsc_test.X/tetris.asm
                vsync_end   0x000022    program     static /home/jacques/MPLABXProjects/ntsc_test/ntsc_test.X/tetris.asm
                   gt_255   0x00002a    program     static /home/jacques/MPLABXProjects/ntsc_test/ntsc_test.X/tetris.asm
                    tasks   0x000035    program     static /home/jacques/MPLABXProjects/ntsc_test/ntsc_test.X/tetris.asm
                    task0   0x000043    program     static /home/jacques/MPLABXProjects/ntsc_test/ntsc_test.X/tetris.asm
                    task1   0x00004e    program     static /home/jacques/MPLABXProjects/ntsc_test/ntsc_test.X/tetris.asm
                    task2   0x000055    program     static /home/jacques/MPLABXProjects/ntsc_test/ntsc_test.X/tetris.asm
                 isr_exit   0x00005b    program     static /home/jacques/MPLABXProjects/ntsc_test/ntsc_test.X/tetris.asm
                    div10   0x00005f    program     static /home/jacques/MPLABXProjects/ntsc_test/ntsc_test.X/tetris.asm
               div10_loop   0x000063    program     static /home/jacques/MPLABXProjects/ntsc_test/ntsc_test.X/tetris.asm
                    mult6   0x00006f    program     static /home/jacques/MPLABXProjects/ntsc_test/ntsc_test.X/tetris.asm
                 read_pad   0x000074    program     static /home/jacques/MPLABXProjects/ntsc_test/ntsc_test.X/tetris.asm
             _.org_1_0079   0x000079    program     static /home/jacques/MPLABXProjects/ntsc_test/ntsc_test.X/tetris.asm
             _.org_1_007B   0x00007b    program     static /home/jacques/MPLABXProjects/ntsc_test/ntsc_test.X/tetris.asm
             _.org_1_007D   0x00007d    program     static /home/jacques/MPLABXProjects/ntsc_test/ntsc_test.X/tetris.asm
             _.org_1_0080   0x000080    program     static /home/jacques/MPLABXProjects/ntsc_test/ntsc_test.X/tetris.asm
                    try_a   0x000082    program     static /home/jacques/MPLABXProjects/ntsc_test/ntsc_test.X/tetris.asm
                    try_b   0x000088    program     static /home/jacques/MPLABXProjects/ntsc_test/ntsc_test.X/tetris.asm
                   try_rt   0x00008e    program     static /home/jacques/MPLABXProjects/ntsc_test/ntsc_test.X/tetris.asm
                   try_up   0x000094    program     static /home/jacques/MPLABXProjects/ntsc_test/ntsc_test.X/tetris.asm
                   try_lt   0x00009a    program     static /home/jacques/MPLABXProjects/ntsc_test/ntsc_test.X/tetris.asm
                   try_dn   0x0000a0    program     static /home/jacques/MPLABXProjects/ntsc_test/ntsc_test.X/tetris.asm
                no_button   0x0000a5    program     static /home/jacques/MPLABXProjects/ntsc_test/ntsc_test.X/tetris.asm
                     tone   0x0000a6    program     static /home/jacques/MPLABXProjects/ntsc_test/ntsc_test.X/tetris.asm
          video_serialize   0x0000bd    program     static /home/jacques/MPLABXProjects/ntsc_test/ntsc_test.X/tetris.asm
             _.org_1_00C4   0x0000c4    program     static /home/jacques/MPLABXProjects/ntsc_test/ntsc_test.X/tetris.asm
             _.org_1_00C6   0x0000c6    program     static /home/jacques/MPLABXProjects/ntsc_test/ntsc_test.X/tetris.asm
              pixels_loop   0x0000d7    program     static /home/jacques/MPLABXProjects/ntsc_test/ntsc_test.X/tetris.asm
             _.org_1_00DC   0x0000dc    program     static /home/jacques/MPLABXProjects/ntsc_test/ntsc_test.X/tetris.asm
             _.org_1_00E3   0x0000e3    program     static /home/jacques/MPLABXProjects/ntsc_test/ntsc_test.X/tetris.asm
              fill_buffer   0x0000eb    program     static /home/jacques/MPLABXProjects/ntsc_test/ntsc_test.X/tetris.asm
                fill_loop   0x0000f3    program     static /home/jacques/MPLABXProjects/ntsc_test/ntsc_test.X/tetris.asm
            set_video_ptr   0x0000f9    program     static /home/jacques/MPLABXProjects/ntsc_test/ntsc_test.X/tetris.asm
                get_pixel   0x00010b    program     static /home/jacques/MPLABXProjects/ntsc_test/ntsc_test.X/tetris.asm
                    gpx00   0x00010f    program     static /home/jacques/MPLABXProjects/ntsc_test/ntsc_test.X/tetris.asm
                    gpx01   0x000112    program     static /home/jacques/MPLABXProjects/ntsc_test/ntsc_test.X/tetris.asm
                    bitop   0x000115    program     static /home/jacques/MPLABXProjects/ntsc_test/ntsc_test.X/tetris.asm
                  bitop00   0x000122    program     static /home/jacques/MPLABXProjects/ntsc_test/ntsc_test.X/tetris.asm
                  bitop01   0x000125    program     static /home/jacques/MPLABXProjects/ntsc_test/ntsc_test.X/tetris.asm
                clear_bit   0x000129    program     static /home/jacques/MPLABXProjects/ntsc_test/ntsc_test.X/tetris.asm
                  xor_bit   0x00012c    program     static /home/jacques/MPLABXProjects/ntsc_test/ntsc_test.X/tetris.asm
                  bitop02   0x000130    program     static /home/jacques/MPLABXProjects/ntsc_test/ntsc_test.X/tetris.asm
                  xor_row   0x000139    program     static /home/jacques/MPLABXProjects/ntsc_test/ntsc_test.X/tetris.asm
                xor_row02   0x00014b    program     static /home/jacques/MPLABXProjects/ntsc_test/ntsc_test.X/tetris.asm
             xor_row_done   0x00014f    program     static /home/jacques/MPLABXProjects/ntsc_test/ntsc_test.X/tetris.asm
           get_flash_word   0x000151    program     static /home/jacques/MPLABXProjects/ntsc_test/ntsc_test.X/tetris.asm
               read_flash   0x00015a    program     static /home/jacques/MPLABXProjects/ntsc_test/ntsc_test.X/tetris.asm
          next_flash_word   0x000160    program     static /home/jacques/MPLABXProjects/ntsc_test/ntsc_test.X/tetris.asm
               get_nibble   0x000165    program     static /home/jacques/MPLABXProjects/ntsc_test/ntsc_test.X/tetris.asm
                     row1   0x00016f    program     static /home/jacques/MPLABXProjects/ntsc_test/ntsc_test.X/tetris.asm
                     row2   0x000171    program     static /home/jacques/MPLABXProjects/ntsc_test/ntsc_test.X/tetris.asm
                     row0   0x000173    program     static /home/jacques/MPLABXProjects/ntsc_test/ntsc_test.X/tetris.asm
              nibble_mask   0x000174    program     static /home/jacques/MPLABXProjects/ntsc_test/ntsc_test.X/tetris.asm
                print_row   0x000178    program     static /home/jacques/MPLABXProjects/ntsc_test/ntsc_test.X/tetris.asm
               print_char   0x000182    program     static /home/jacques/MPLABXProjects/ntsc_test/ntsc_test.X/tetris.asm
             print_tetrim   0x000191    program     static /home/jacques/MPLABXProjects/ntsc_test/ntsc_test.X/tetris.asm
                       ti   0x0001a0    program     static /home/jacques/MPLABXProjects/ntsc_test/ntsc_test.X/tetris.asm
                    prt01   0x0001a7    program     static /home/jacques/MPLABXProjects/ntsc_test/ntsc_test.X/tetris.asm
              print_label   0x0001bb    program     static /home/jacques/MPLABXProjects/ntsc_test/ntsc_test.X/tetris.asm
             prt_lbl_loop   0x0001bd    program     static /home/jacques/MPLABXProjects/ntsc_test/ntsc_test.X/tetris.asm
             prt_lbl_done   0x0001d6    program     static /home/jacques/MPLABXProjects/ntsc_test/ntsc_test.X/tetris.asm
                print_int   0x0001d8    program     static /home/jacques/MPLABXProjects/ntsc_test/ntsc_test.X/tetris.asm
               print_last   0x0001eb    program     static /home/jacques/MPLABXProjects/ntsc_test/ntsc_test.X/tetris.asm
                  no_zero   0x0001f1    program     static /home/jacques/MPLABXProjects/ntsc_test/ntsc_test.X/tetris.asm
                    hline   0x0001f3    program     static /home/jacques/MPLABXProjects/ntsc_test/ntsc_test.X/tetris.asm
               hline_done   0x000202    program     static /home/jacques/MPLABXProjects/ntsc_test/ntsc_test.X/tetris.asm
                    vline   0x000204    program     static /home/jacques/MPLABXProjects/ntsc_test/ntsc_test.X/tetris.asm
               vline_done   0x000213    program     static /home/jacques/MPLABXProjects/ntsc_test/ntsc_test.X/tetris.asm
                game_init   0x000215    program     static /home/jacques/MPLABXProjects/ntsc_test/ntsc_test.X/tetris.asm
                query_row   0x000247    program     static /home/jacques/MPLABXProjects/ntsc_test/ntsc_test.X/tetris.asm
                     qr00   0x000249    program     static /home/jacques/MPLABXProjects/ntsc_test/ntsc_test.X/tetris.asm
                     qr01   0x000253    program     static /home/jacques/MPLABXProjects/ntsc_test/ntsc_test.X/tetris.asm
               new_tminos   0x000258    program     static /home/jacques/MPLABXProjects/ntsc_test/ntsc_test.X/tetris.asm
               wait_start   0x000266    program     static /home/jacques/MPLABXProjects/ntsc_test/ntsc_test.X/tetris.asm
                     koro   0x00026b    program     static /home/jacques/MPLABXProjects/ntsc_test/ntsc_test.X/tetris.asm
             _.org_1_0277   0x000277    program     static /home/jacques/MPLABXProjects/ntsc_test/ntsc_test.X/tetris.asm
             _.org_1_0284   0x000284    program     static /home/jacques/MPLABXProjects/ntsc_test/ntsc_test.X/tetris.asm
                 wait_end   0x000286    program     static /home/jacques/MPLABXProjects/ntsc_test/ntsc_test.X/tetris.asm
                   tetris   0x000288    program     static /home/jacques/MPLABXProjects/ntsc_test/ntsc_test.X/tetris.asm
                game_loop   0x0002ab    program     static /home/jacques/MPLABXProjects/ntsc_test/ntsc_test.X/tetris.asm
                fall_loop   0x0002ac    program     static /home/jacques/MPLABXProjects/ntsc_test/ntsc_test.X/tetris.asm
             _.org_1_02B4   0x0002b4    program     static /home/jacques/MPLABXProjects/ntsc_test/ntsc_test.X/tetris.asm
                hard_drop   0x0002d3    program     static /home/jacques/MPLABXProjects/ntsc_test/ntsc_test.X/tetris.asm
                soft_drop   0x0002d4    program     static /home/jacques/MPLABXProjects/ntsc_test/ntsc_test.X/tetris.asm
                 rot_left   0x0002d5    program     static /home/jacques/MPLABXProjects/ntsc_test/ntsc_test.X/tetris.asm
                rot_right   0x0002d9    program     static /home/jacques/MPLABXProjects/ntsc_test/ntsc_test.X/tetris.asm
                move_left   0x0002dd    program     static /home/jacques/MPLABXProjects/ntsc_test/ntsc_test.X/tetris.asm
               move_right   0x0002e2    program     static /home/jacques/MPLABXProjects/ntsc_test/ntsc_test.X/tetris.asm
             new_position   0x0002e6    program     static /home/jacques/MPLABXProjects/ntsc_test/ntsc_test.X/tetris.asm
                game_over   0x0002e7    program     static /home/jacques/MPLABXProjects/ntsc_test/ntsc_test.X/tetris.asm
                     init   0x0002ea    program     static /home/jacques/MPLABXProjects/ntsc_test/ntsc_test.X/tetris.asm
                     main   0x000329    program     static /home/jacques/MPLABXProjects/ntsc_test/ntsc_test.X/tetris.asm
                   digits   0x00032c    program     static /home/jacques/MPLABXProjects/ntsc_test/ntsc_test.X/tetris.asm
               tetriminos   0x000358    program     static /home/jacques/MPLABXProjects/ntsc_test/ntsc_test.X/tetris.asm
                       I0   0x000370    program     static /home/jacques/MPLABXProjects/ntsc_test/ntsc_test.X/tetris.asm
                   labels   0x000378    program     static /home/jacques/MPLABXProjects/ntsc_test/ntsc_test.X/tetris.asm
                txt_score   0x00037c    program     static /home/jacques/MPLABXProjects/ntsc_test/ntsc_test.X/tetris.asm
                txt_lines   0x000385    program     static /home/jacques/MPLABXProjects/ntsc_test/ntsc_test.X/tetris.asm
                txt_press   0x00038e    program     static /home/jacques/MPLABXProjects/ntsc_test/ntsc_test.X/tetris.asm
                  tone_pr   0x000398    program     static /home/jacques/MPLABXProjects/ntsc_test/ntsc_test.X/tetris.asm
              korobeiniki   0x0003c5    program     static /home/jacques/MPLABXProjects/ntsc_test/ntsc_test.X/tetris.asm
                   _stack   0x000020       data     static /home/jacques/MPLABXProjects/ntsc_test/ntsc_test.X/tetris.asm
                   tetrim   0x000040       data     static /home/jacques/MPLABXProjects/ntsc_test/ntsc_test.X/tetris.asm
                    angle   0x000041       data     static /home/jacques/MPLABXProjects/ntsc_test/ntsc_test.X/tetris.asm
                       tx   0x000042       data     static /home/jacques/MPLABXProjects/ntsc_test/ntsc_test.X/tetris.asm
                       ty   0x000043       data     static /home/jacques/MPLABXProjects/ntsc_test/ntsc_test.X/tetris.asm
                   scoreL   0x000044       data     static /home/jacques/MPLABXProjects/ntsc_test/ntsc_test.X/tetris.asm
                   scoreH   0x000045       data     static /home/jacques/MPLABXProjects/ntsc_test/ntsc_test.X/tetris.asm
                  dropped   0x000046       data     static /home/jacques/MPLABXProjects/ntsc_test/ntsc_test.X/tetris.asm
          video_buffer_b0   0x000050       data     static /home/jacques/MPLABXProjects/ntsc_test/ntsc_test.X/tetris.asm
                  lcountL   0x000070       data     static /home/jacques/MPLABXProjects/ntsc_test/ntsc_test.X/tetris.asm
                  lcountH   0x000071       data     static /home/jacques/MPLABXProjects/ntsc_test/ntsc_test.X/tetris.asm
                    flags   0x000072       data     static /home/jacques/MPLABXProjects/ntsc_test/ntsc_test.X/tetris.asm
                   gtimer   0x000073       data     static /home/jacques/MPLABXProjects/ntsc_test/ntsc_test.X/tetris.asm
                 tone_tmr   0x000074       data     static /home/jacques/MPLABXProjects/ntsc_test/ntsc_test.X/tetris.asm
                    randL   0x000075       data     static /home/jacques/MPLABXProjects/ntsc_test/ntsc_test.X/tetris.asm
                    randH   0x000076       data     static /home/jacques/MPLABXProjects/ntsc_test/ntsc_test.X/tetris.asm
                   rcount   0x000077       data     static /home/jacques/MPLABXProjects/ntsc_test/ntsc_test.X/tetris.asm
                    accaL   0x000078       data     static /home/jacques/MPLABXProjects/ntsc_test/ntsc_test.X/tetris.asm
                    accaH   0x000079       data     static /home/jacques/MPLABXProjects/ntsc_test/ntsc_test.X/tetris.asm
                    accbL   0x00007a       data     static /home/jacques/MPLABXProjects/ntsc_test/ntsc_test.X/tetris.asm
                    accbH   0x00007b       data     static /home/jacques/MPLABXProjects/ntsc_test/ntsc_test.X/tetris.asm
                  buttons   0x00007c       data     static /home/jacques/MPLABXProjects/ntsc_test/ntsc_test.X/tetris.asm
                   nibble   0x00007d       data     static /home/jacques/MPLABXProjects/ntsc_test/ntsc_test.X/tetris.asm
                      rst   0x00007e       data     static /home/jacques/MPLABXProjects/ntsc_test/ntsc_test.X/tetris.asm
          video_buffer_b2   0x0000a0       data     static /home/jacques/MPLABXProjects/ntsc_test/ntsc_test.X/tetris.asm
          video_buffer_b3   0x000120       data     static /home/jacques/MPLABXProjects/ntsc_test/ntsc_test.X/tetris.asm


